###############################################################################
#
# IAR ELF Linker V3.10.1.201 for STM8                     01/Aug/2019  23:45:13
# Copyright 2010-2017 IAR Systems AB.
#
#    Output file  =  
#        C:\Users\Ivan\Documents\IAR Embedded
#        Workbench\stm8\projects\STM8L\Schroom\Project\Schroom\EWSTM8\Debug\Exe\schroom.out
#    Map file     =  
#        C:\Users\Ivan\Documents\IAR Embedded
#        Workbench\stm8\projects\STM8L\Schroom\Project\Schroom\EWSTM8\Debug\List\schroom.map
#    Command line =  
#        -f C:\Users\Ivan\AppData\Local\Temp\EW8A12.tmp
#        ("C:\Users\Ivan\Documents\IAR Embedded
#        Workbench\stm8\projects\STM8L\Schroom\Project\Schroom\EWSTM8\Debug\Obj\main.o"
#        "C:\Users\Ivan\Documents\IAR Embedded
#        Workbench\stm8\projects\STM8L\Schroom\Project\Schroom\EWSTM8\Debug\Obj\stm8l15x_adc.o"
#        "C:\Users\Ivan\Documents\IAR Embedded
#        Workbench\stm8\projects\STM8L\Schroom\Project\Schroom\EWSTM8\Debug\Obj\stm8l15x_aes.o"
#        "C:\Users\Ivan\Documents\IAR Embedded
#        Workbench\stm8\projects\STM8L\Schroom\Project\Schroom\EWSTM8\Debug\Obj\stm8l15x_beep.o"
#        "C:\Users\Ivan\Documents\IAR Embedded
#        Workbench\stm8\projects\STM8L\Schroom\Project\Schroom\EWSTM8\Debug\Obj\stm8l15x_clk.o"
#        "C:\Users\Ivan\Documents\IAR Embedded
#        Workbench\stm8\projects\STM8L\Schroom\Project\Schroom\EWSTM8\Debug\Obj\stm8l15x_comp.o"
#        "C:\Users\Ivan\Documents\IAR Embedded
#        Workbench\stm8\projects\STM8L\Schroom\Project\Schroom\EWSTM8\Debug\Obj\stm8l15x_dac.o"
#        "C:\Users\Ivan\Documents\IAR Embedded
#        Workbench\stm8\projects\STM8L\Schroom\Project\Schroom\EWSTM8\Debug\Obj\stm8l15x_dma.o"
#        "C:\Users\Ivan\Documents\IAR Embedded
#        Workbench\stm8\projects\STM8L\Schroom\Project\Schroom\EWSTM8\Debug\Obj\stm8l15x_exti.o"
#        "C:\Users\Ivan\Documents\IAR Embedded
#        Workbench\stm8\projects\STM8L\Schroom\Project\Schroom\EWSTM8\Debug\Obj\stm8l15x_flash.o"
#        "C:\Users\Ivan\Documents\IAR Embedded
#        Workbench\stm8\projects\STM8L\Schroom\Project\Schroom\EWSTM8\Debug\Obj\stm8l15x_gpio.o"
#        "C:\Users\Ivan\Documents\IAR Embedded
#        Workbench\stm8\projects\STM8L\Schroom\Project\Schroom\EWSTM8\Debug\Obj\stm8l15x_i2c.o"
#        "C:\Users\Ivan\Documents\IAR Embedded
#        Workbench\stm8\projects\STM8L\Schroom\Project\Schroom\EWSTM8\Debug\Obj\stm8l15x_irtim.o"
#        "C:\Users\Ivan\Documents\IAR Embedded
#        Workbench\stm8\projects\STM8L\Schroom\Project\Schroom\EWSTM8\Debug\Obj\stm8l15x_it.o"
#        "C:\Users\Ivan\Documents\IAR Embedded
#        Workbench\stm8\projects\STM8L\Schroom\Project\Schroom\EWSTM8\Debug\Obj\stm8l15x_itc.o"
#        "C:\Users\Ivan\Documents\IAR Embedded
#        Workbench\stm8\projects\STM8L\Schroom\Project\Schroom\EWSTM8\Debug\Obj\stm8l15x_iwdg.o"
#        "C:\Users\Ivan\Documents\IAR Embedded
#        Workbench\stm8\projects\STM8L\Schroom\Project\Schroom\EWSTM8\Debug\Obj\stm8l15x_lcd.o"
#        "C:\Users\Ivan\Documents\IAR Embedded
#        Workbench\stm8\projects\STM8L\Schroom\Project\Schroom\EWSTM8\Debug\Obj\stm8l15x_pwr.o"
#        "C:\Users\Ivan\Documents\IAR Embedded
#        Workbench\stm8\projects\STM8L\Schroom\Project\Schroom\EWSTM8\Debug\Obj\stm8l15x_rst.o"
#        "C:\Users\Ivan\Documents\IAR Embedded
#        Workbench\stm8\projects\STM8L\Schroom\Project\Schroom\EWSTM8\Debug\Obj\stm8l15x_rtc.o"
#        "C:\Users\Ivan\Documents\IAR Embedded
#        Workbench\stm8\projects\STM8L\Schroom\Project\Schroom\EWSTM8\Debug\Obj\stm8l15x_spi.o"
#        "C:\Users\Ivan\Documents\IAR Embedded
#        Workbench\stm8\projects\STM8L\Schroom\Project\Schroom\EWSTM8\Debug\Obj\stm8l15x_syscfg.o"
#        "C:\Users\Ivan\Documents\IAR Embedded
#        Workbench\stm8\projects\STM8L\Schroom\Project\Schroom\EWSTM8\Debug\Obj\stm8l15x_tim1.o"
#        "C:\Users\Ivan\Documents\IAR Embedded
#        Workbench\stm8\projects\STM8L\Schroom\Project\Schroom\EWSTM8\Debug\Obj\stm8l15x_tim2.o"
#        "C:\Users\Ivan\Documents\IAR Embedded
#        Workbench\stm8\projects\STM8L\Schroom\Project\Schroom\EWSTM8\Debug\Obj\stm8l15x_tim3.o"
#        "C:\Users\Ivan\Documents\IAR Embedded
#        Workbench\stm8\projects\STM8L\Schroom\Project\Schroom\EWSTM8\Debug\Obj\stm8l15x_tim4.o"
#        "C:\Users\Ivan\Documents\IAR Embedded
#        Workbench\stm8\projects\STM8L\Schroom\Project\Schroom\EWSTM8\Debug\Obj\stm8l15x_tim5.o"
#        "C:\Users\Ivan\Documents\IAR Embedded
#        Workbench\stm8\projects\STM8L\Schroom\Project\Schroom\EWSTM8\Debug\Obj\stm8l15x_usart.o"
#        "C:\Users\Ivan\Documents\IAR Embedded
#        Workbench\stm8\projects\STM8L\Schroom\Project\Schroom\EWSTM8\Debug\Obj\stm8l15x_wfe.o"
#        "C:\Users\Ivan\Documents\IAR Embedded
#        Workbench\stm8\projects\STM8L\Schroom\Project\Schroom\EWSTM8\Debug\Obj\stm8l15x_wwdg.o"
#        --redirect _Printf=_PrintfFullNoMb --redirect _Scanf=_ScanfFullNoMb -o
#        "C:\Users\Ivan\Documents\IAR Embedded
#        Workbench\stm8\projects\STM8L\Schroom\Project\Schroom\EWSTM8\Debug\Exe\schroom.out"
#        --map "C:\Users\Ivan\Documents\IAR Embedded
#        Workbench\stm8\projects\STM8L\Schroom\Project\Schroom\EWSTM8\Debug\List\schroom.map"
#        --config "C:\Users\Ivan\Documents\IAR Embedded
#        Workbench\stm8\projects\STM8L\Schroom\Project\Schroom\EWSTM8\schroom_lnk.icf"
#        --config_def _CSTACK_SIZE=0x100 --config_def _HEAP_SIZE=0x100 --entry
#        __iar_program_start --debug_lib)
#
###############################################################################

*******************************************************************************
*** RUNTIME MODEL ATTRIBUTES
***

__SystemLibrary            = DLib
__code_model               = small
__core                     = stm8
__data_model               = medium
__dlib_file_descriptor     = 0
__dlib_full_locale_support = 0
__rt_version               = 4


*******************************************************************************
*** PLACEMENT SUMMARY
***

"A0":  place at start of [0x000000-0x0000ff] { rw section .vregs };
"A1":  place at end of [0x000000-0x0007ff] { block CSTACK };
"A2":  place at start of [0x008000-0x00ffff] { block INTVEC };
"P3":  place in [from 0x008000 to 0x00ffff] {
          ro section .tiny.data_init, ro section .far.data_init,
          ro section .huge.data_init, ro };
"P4":  place in [from 0x008000 to 0x00ffff] {
          ro section .far.*, ro section .far_func.* };
"P5":  place in [from 0x008000 to 0x00ffff] {
          ro section .huge.*, ro section .huge_func.* };
do not initialize { section .vregs };

  Section          Kind      Address   Size  Object
  -------          ----      -------   ----  ------
"A0":                                   0xc
  .vregs           uninit   0x000000    0xc  vregs.o [4]
                          - 0x00000c    0xc

"A1":                                 0x100
  CSTACK                    0x000700  0x100  <Block>
    CSTACK         uninit   0x000700  0x100  <Block tail>
                          - 0x000800  0x100

"A2":                                  0x80
  INTVEC                    0x008000   0x80  <Block>
    .intvec        const    0x008000   0x80  interrupt.o [4]
                          - 0x008080   0x80

"P3-P5":                               0x85
  .near_func.text  ro code  0x008080   0x18  vreg_util.o [4]
  .near_func.text  ro code  0x008098   0x14  init.o [4]
  .near_func.text  ro code  0x0080ac   0x14  __dbg_xxexit.o [3]
  .near_func.text  ro code  0x0080c0   0x13  cstartup.o [4]
  .near_func.text  ro code  0x0080d3    0x5  cexit.o [4]
  .near_func.text  ro code  0x0080d8    0x3  interrupt.o [4]
  .near_func.text  ro code  0x0080db    0x3  low_level_init.o [4]
  .near_func.text  ro code  0x0080de    0x3  exit.o [4]
  .near_func.text  ro code  0x0080e1    0x3  unhandled_exception.o [4]
  .near_func.text  ro code  0x0080e4    0x2  main.o [1]
  .near_func.text  ro code  0x0080e6    0x1  stm8l15x_it.o [1]
  .near_func.text  ro code  0x0080e7    0x1  stm8l15x_it.o [1]
  .near_func.text  ro code  0x0080e8    0x1  stm8l15x_it.o [1]
  .near_func.text  ro code  0x0080e9    0x1  stm8l15x_it.o [1]
  .near_func.text  ro code  0x0080ea    0x1  stm8l15x_it.o [1]
  .near_func.text  ro code  0x0080eb    0x1  stm8l15x_it.o [1]
  .near_func.text  ro code  0x0080ec    0x1  stm8l15x_it.o [1]
  .near_func.text  ro code  0x0080ed    0x1  stm8l15x_it.o [1]
  .near_func.text  ro code  0x0080ee    0x1  stm8l15x_it.o [1]
  .near_func.text  ro code  0x0080ef    0x1  stm8l15x_it.o [1]
  .near_func.text  ro code  0x0080f0    0x1  stm8l15x_it.o [1]
  .near_func.text  ro code  0x0080f1    0x1  stm8l15x_it.o [1]
  .near_func.text  ro code  0x0080f2    0x1  stm8l15x_it.o [1]
  .near_func.text  ro code  0x0080f3    0x1  stm8l15x_it.o [1]
  .near_func.text  ro code  0x0080f4    0x1  stm8l15x_it.o [1]
  .near_func.text  ro code  0x0080f5    0x1  stm8l15x_it.o [1]
  .near_func.text  ro code  0x0080f6    0x1  stm8l15x_it.o [1]
  .near_func.text  ro code  0x0080f7    0x1  stm8l15x_it.o [1]
  .near_func.text  ro code  0x0080f8    0x1  stm8l15x_it.o [1]
  .near_func.text  ro code  0x0080f9    0x1  stm8l15x_it.o [1]
  .near_func.text  ro code  0x0080fa    0x1  stm8l15x_it.o [1]
  .near_func.text  ro code  0x0080fb    0x1  stm8l15x_it.o [1]
  .near_func.text  ro code  0x0080fc    0x1  stm8l15x_it.o [1]
  .near_func.text  ro code  0x0080fd    0x1  stm8l15x_it.o [1]
  .near_func.text  ro code  0x0080fe    0x1  stm8l15x_it.o [1]
  .near_func.text  ro code  0x0080ff    0x1  stm8l15x_it.o [1]
  .near_func.text  ro code  0x008100    0x1  stm8l15x_it.o [1]
  .near_func.text  ro code  0x008101    0x1  stm8l15x_it.o [1]
  .near_func.text  ro code  0x008102    0x1  stm8l15x_it.o [1]
  .near_func.text  ro code  0x008103    0x1  stm8l15x_it.o [1]
  .near_func.text  ro code  0x008104    0x1  __dbg_break.o [3]
                          - 0x008105   0x85



*******************************************************************************
*** MODULE SUMMARY
***

    Module                 ro code  ro data  rw data
    ------                 -------  -------  -------
C:\Users\Ivan\Documents\IAR Embedded Workbench\stm8\projects\STM8L\Schroom\Project\Schroom\EWSTM8\Debug\Obj: [1]
    main.o                       2
    stm8l15x_it.o               30
    ------------------------------------------------
    Total:                      32

command line: [2]
    ------------------------------------------------
    Total:

dbgstm8smd.a: [3]
    __dbg_break.o                1
    __dbg_xxexit.o              20
    ------------------------------------------------
    Total:                      21

dlstm8smn.a: [4]
    cexit.o                      5
    cstartup.o                  19
    exit.o                       3
    init.o                      20
    interrupt.o                  3      128
    low_level_init.o             3
    unhandled_exception.o        3
    vreg_util.o                 24
    vregs.o                                       12
    ------------------------------------------------
    Total:                      80      128       12

    Linker created                               256
----------------------------------------------------
    Grand Total:               133      128      268


*******************************************************************************
*** ENTRY LIST
***

Entry                      Address  Size  Type      Object
-----                      -------  ----  ----      ------
?b0                       0x000000        Data  Gb  vregs.o [4]
?b1                       0x000001        Data  Gb  vregs.o [4]
?b10                      0x00000a        Data  Gb  vregs.o [4]
?b11                      0x00000b        Data  Gb  vregs.o [4]
?b2                       0x000002        Data  Gb  vregs.o [4]
?b3                       0x000003        Data  Gb  vregs.o [4]
?b4                       0x000004        Data  Gb  vregs.o [4]
?b5                       0x000005        Data  Gb  vregs.o [4]
?b6                       0x000006        Data  Gb  vregs.o [4]
?b7                       0x000007        Data  Gb  vregs.o [4]
?b8                       0x000008        Data  Gb  vregs.o [4]
?b9                       0x000009        Data  Gb  vregs.o [4]
?e0                       0x000001        Data  Gb  vregs.o [4]
?e1                       0x000005        Data  Gb  vregs.o [4]
?e2                       0x000009        Data  Gb  vregs.o [4]
?l0                       0x000000        Data  Gb  vregs.o [4]
?l1                       0x000004        Data  Gb  vregs.o [4]
?l2                       0x000008        Data  Gb  vregs.o [4]
?push_w4                  0x008080        Code  Gb  vreg_util.o [4]
?w0                       0x000000        Data  Gb  vregs.o [4]
?w1                       0x000002        Data  Gb  vregs.o [4]
?w2                       0x000004        Data  Gb  vregs.o [4]
?w3                       0x000006        Data  Gb  vregs.o [4]
?w4                       0x000008        Data  Gb  vregs.o [4]
?w5                       0x00000a        Data  Gb  vregs.o [4]
ADC1_COMP_IRQHandler      0x0080f8   0x1  Code  Gb  stm8l15x_it.o [1]
CSTACK$$Base              0x000700         --   Gb  - Linker created -
CSTACK$$Limit             0x000800         --   Gb  - Linker created -
DMA1_CHANNEL0_1_IRQHandler
                          0x0080e8   0x1  Code  Gb  stm8l15x_it.o [1]
DMA1_CHANNEL2_3_IRQHandler
                          0x0080e9   0x1  Code  Gb  stm8l15x_it.o [1]
EXTI0_IRQHandler          0x0080ee   0x1  Code  Gb  stm8l15x_it.o [1]
EXTI1_IRQHandler          0x0080ef   0x1  Code  Gb  stm8l15x_it.o [1]
EXTI2_IRQHandler          0x0080f0   0x1  Code  Gb  stm8l15x_it.o [1]
EXTI3_IRQHandler          0x0080f1   0x1  Code  Gb  stm8l15x_it.o [1]
EXTI4_IRQHandler          0x0080f2   0x1  Code  Gb  stm8l15x_it.o [1]
EXTI5_IRQHandler          0x0080f3   0x1  Code  Gb  stm8l15x_it.o [1]
EXTI6_IRQHandler          0x0080f4   0x1  Code  Gb  stm8l15x_it.o [1]
EXTI7_IRQHandler          0x0080f5   0x1  Code  Gb  stm8l15x_it.o [1]
EXTIB_G_IRQHandler        0x0080ec   0x1  Code  Gb  stm8l15x_it.o [1]
EXTID_H_IRQHandler        0x0080ed   0x1  Code  Gb  stm8l15x_it.o [1]
EXTIE_F_PVD_IRQHandler    0x0080eb   0x1  Code  Gb  stm8l15x_it.o [1]
FLASH_IRQHandler          0x0080e7   0x1  Code  Gb  stm8l15x_it.o [1]
I2C1_SPI2_IRQHandler      0x008103   0x1  Code  Gb  stm8l15x_it.o [1]
INTVEC$$Base              0x008000         --   Gb  - Linker created -
INTVEC$$Limit             0x008080         --   Gb  - Linker created -
LCD_AES_IRQHandler        0x0080f6   0x1  Code  Gb  stm8l15x_it.o [1]
RTC_CSSLSE_IRQHandler     0x0080ea   0x1  Code  Gb  stm8l15x_it.o [1]
Region$$Table$$Base     0x00000000         --   Gb  - Linker created -
Region$$Table$$Limit    0x00000000         --   Gb  - Linker created -
SPI1_IRQHandler           0x008100   0x1  Code  Gb  stm8l15x_it.o [1]
SWITCH_CSS_BREAK_DAC_IRQHandler
                          0x0080f7   0x1  Code  Gb  stm8l15x_it.o [1]
TIM1_CC_IRQHandler        0x0080fe   0x1  Code  Gb  stm8l15x_it.o [1]
TIM1_UPD_OVF_TRG_COM_IRQHandler
                          0x0080fd   0x1  Code  Gb  stm8l15x_it.o [1]
TIM2_CC_USART2_RX_IRQHandler
                          0x0080fa   0x1  Code  Gb  stm8l15x_it.o [1]
TIM2_UPD_OVF_TRG_BRK_USART2_TX_IRQHandler
                          0x0080f9   0x1  Code  Gb  stm8l15x_it.o [1]
TIM3_CC_USART3_RX_IRQHandler
                          0x0080fc   0x1  Code  Gb  stm8l15x_it.o [1]
TIM3_UPD_OVF_TRG_BRK_USART3_TX_IRQHandler
                          0x0080fb   0x1  Code  Gb  stm8l15x_it.o [1]
TIM4_UPD_OVF_TRG_IRQHandler
                          0x0080ff   0x1  Code  Gb  stm8l15x_it.o [1]
TRAP_IRQHandler           0x0080e6   0x1  Code  Gb  stm8l15x_it.o [1]
USART1_RX_TIM5_CC_IRQHandler
                          0x008102   0x1  Code  Gb  stm8l15x_it.o [1]
USART1_TX_TIM5_UPD_OVF_TRG_BRK_IRQHandler
                          0x008101   0x1  Code  Gb  stm8l15x_it.o [1]
__DebugBreak              0x008104   0x1  Code  Gb  __dbg_break.o [3]
__exit                    0x0080ac  0x14  Code  Gb  __dbg_xxexit.o [3]
__iar_data_init2          0x008098  0x14  Code  Gb  init.o [4]
__iar_program_start       0x0080c0        Code  Gb  cstartup.o [4]
__iar_unhandled_exception
                          0x0080e1        Code  Gb  unhandled_exception.o [4]
__intvec                  0x008000        Data  Gb  interrupt.o [4]
__low_level_init          0x0080db   0x3  Code  Gb  low_level_init.o [4]
_exit                     0x0080d3        Code  Gb  cexit.o [4]
_interrupt_1              0x0080e6        Code  Gb  stm8l15x_it.o [1]
_interrupt_10             0x0080ee        Code  Gb  stm8l15x_it.o [1]
_interrupt_11             0x0080ef        Code  Gb  stm8l15x_it.o [1]
_interrupt_12             0x0080f0        Code  Gb  stm8l15x_it.o [1]
_interrupt_13             0x0080f1        Code  Gb  stm8l15x_it.o [1]
_interrupt_14             0x0080f2        Code  Gb  stm8l15x_it.o [1]
_interrupt_15             0x0080f3        Code  Gb  stm8l15x_it.o [1]
_interrupt_16             0x0080f4        Code  Gb  stm8l15x_it.o [1]
_interrupt_17             0x0080f5        Code  Gb  stm8l15x_it.o [1]
_interrupt_18             0x0080f6        Code  Gb  stm8l15x_it.o [1]
_interrupt_19             0x0080f7        Code  Gb  stm8l15x_it.o [1]
_interrupt_20             0x0080f8        Code  Gb  stm8l15x_it.o [1]
_interrupt_21             0x0080f9        Code  Gb  stm8l15x_it.o [1]
_interrupt_22             0x0080fa        Code  Gb  stm8l15x_it.o [1]
_interrupt_23             0x0080fb        Code  Gb  stm8l15x_it.o [1]
_interrupt_24             0x0080fc        Code  Gb  stm8l15x_it.o [1]
_interrupt_25             0x0080fd        Code  Gb  stm8l15x_it.o [1]
_interrupt_26             0x0080fe        Code  Gb  stm8l15x_it.o [1]
_interrupt_27             0x0080ff        Code  Gb  stm8l15x_it.o [1]
_interrupt_28             0x008100        Code  Gb  stm8l15x_it.o [1]
_interrupt_29             0x008101        Code  Gb  stm8l15x_it.o [1]
_interrupt_3              0x0080e7        Code  Gb  stm8l15x_it.o [1]
_interrupt_30             0x008102        Code  Gb  stm8l15x_it.o [1]
_interrupt_31             0x008103        Code  Gb  stm8l15x_it.o [1]
_interrupt_4              0x0080e8        Code  Gb  stm8l15x_it.o [1]
_interrupt_5              0x0080e9        Code  Gb  stm8l15x_it.o [1]
_interrupt_6              0x0080ea        Code  Gb  stm8l15x_it.o [1]
_interrupt_7              0x0080eb        Code  Gb  stm8l15x_it.o [1]
_interrupt_8              0x0080ec        Code  Gb  stm8l15x_it.o [1]
_interrupt_9              0x0080ed        Code  Gb  stm8l15x_it.o [1]
exit                      0x0080de   0x3  Code  Gb  exit.o [4]
main                      0x0080e4   0x2  Code  Gb  main.o [1]


[1] = C:\Users\Ivan\Documents\IAR Embedded Workbench\stm8\projects\STM8L\Schroom\Project\Schroom\EWSTM8\Debug\Obj
[2] = command line
[3] = dbgstm8smd.a
[4] = dlstm8smn.a

  133 bytes of readonly  code memory
  128 bytes of readonly  data memory
  268 bytes of readwrite data memory

Errors: none
Warnings: none
